// Jest Snapshot v1, https://goo.gl/fbAQLP

exports[`FormInputRequired should match the snapshot 1`] = `"<p class=\\"required\\">* Required</p>"`;
